HI-TECH Software 8051-C Compiler V9.60

Linker command line:

--edf=C:\PROGRA~2\HI-TEC~1\HC51\lite\9.60\dat\en_msgs.txt \
  -h+Z:\_uc6043f0440043e0435043a04421.sym -z -Q8051AH -ol.obj \
  -MZ:\_uc6043f0440043e0435043a04421.map -E1 -ver=8051-C#V9.60 \
  -ACODE=00h-0FFFh -pvectors=00h \
  -prbit=0/20h,rbss,rdata/CODE,irdata/CODE,idata/rbss -pbss=XDATA/idata \
  -pdata=CODE+100h -pconst=CODE+100h -pstrings=CODE+100h -pnvram=bss,heap \
  C:\Users\biche\AppData\Local\Temp\s9oo.obj Z:\main_0.obj \
  C:\PROGRA~2\HI-TEC~1\HC51\lite\9.60\lib\51--nsc.lib 

Object code version is 3.8

Machine type is 8051AH

Call graph:

*start1 size 0,0 offset 0
*    _main size 0,10 offset 0
*        _print1stline size 0,6 offset 10
         _print2ndline size 0,2 offset 10

		Name          Link     Load   Length Selector Space Scale
C:\Users\biche\AppData\Local\Temp\s9oo.obj
		vectors          0        0        3       0     0
		text             3        3       14       0     0
Z:\main_0.obj   rbss            20       20        2      20     1
		strings        100      100        2     100     0
		text           102      102      31B     100     0

C:\PROGRA~2\HI-TEC~1\HC51\lite\9.60\lib\51--nsc.lib
powerup.obj     text            17       17        3       0     0

COMMON          rbss            22       22       10      20     1

TOTAL		Name          Link     Load   Length
	CLASS	CODE     
		vectors          0        0        3
		text             3        3       14
		strings        100      100        2
		text           102      102      31B
		text            17       17        3

	CLASS	DATA     
		rbss            20       20       12

	CLASS	XDATA    

	CLASS	BITSEG   



SEGMENTS	Name		Load	Length	 Top	Selector    Space Class

		vectors         000000	00001A	00001A	       0       0  CODE    
		rbit            000020	000012	000032	      20       1  BITSEG  
		data            000100	00031D	00041D	     100       0  CODE    


UNUSED ADDRESS RANGES

	CODE             01A-0FF
	                 41D-FFF

                                  Symbol Table

?a_main         rbss    022  ?a_print1stline rbss    02C
?a_print2ndline rbss    02C  __Bbss          bss     032
__Bidata        idata   032  __Birdata       irdata  003
__Brbit         rbit    020  __Brdata        rdata   003
__Hbss          bss     032  __Hcode         code    032
__Hconst        const   100  __Hdata         data    100
__Hheap         heap    032  __Hidata        idata   032
__Hirdata       irdata  032  __Hnvram        nvram   032
__Hrbit         rbit    000  __Hrbss         rbss    032
__Hrdata        rdata   032  __Hstrings      strings 102
__Htext         text    032  __Hvectors      vectors 003
__Lbss          bss     032  __Lcode         code    032
__Lconst        const   100  __Ldata         data    100
__Lheap         heap    032  __Lidata        idata   032
__Lirdata       irdata  032  __Lnvram        nvram   032
__Lrbit         rbit    000  __Lrbss         rbss    020
__Lrdata        rdata   032  __Lstrings      strings 100
__Ltext         text    032  __Lvectors      vectors 000
__S0            (abs)   41D  _end            rbss    020
_exit           text    014  _main           text    37B
_print1stline   text    102  _print2ndline   text    1FE
intlevel0       (abs)   000  intlevel1       (abs)   000
powerup         text    017  small_model     (abs)   001
stack_internal  (abs)   001  start           vectors 000
start1          text    003  
